// Jest Snapshot v1, https://goo.gl/fbAQLP

exports[`<Balance/> should match snapshot 1`] = `ShallowWrapper {}`;
