// Jest Snapshot v1, https://goo.gl/fbAQLP

exports[`<Blog/> match snapshot 1`] = `ShallowWrapper {}`;
