// Jest Snapshot v1, https://goo.gl/fbAQLP

exports[`<TutorialCategoryCard/> match snapshot 1`] = `ShallowWrapper {}`;
