// Jest Snapshot v1, https://goo.gl/fbAQLP

exports[`<MyEditor/> match snapshot 1`] = `ShallowWrapper {}`;
