// Jest Snapshot v1, https://goo.gl/fbAQLP

exports[`<SelectWalletModal/> match snapshot 1`] = `ShallowWrapper {}`;
